>Left letter:
#^^^^^^^^^^^^^ source.md meta.paragraph.md
>
>ax*xb
#^^ source.md meta.paragraph.md
#  ^ source.md meta.paragraph.md string.other.emphasis.asterisk.md
#   ^^^ source.md meta.paragraph.md
>
>ax* b
#^^ source.md meta.paragraph.md
#  ^ source.md meta.paragraph.md string.other.emphasis.asterisk.md
#   ^^^ source.md meta.paragraph.md
>
>ax*.b
#^^ source.md meta.paragraph.md
#  ^ source.md meta.paragraph.md string.other.emphasis.asterisk.md
#   ^^^ source.md meta.paragraph.md
>
>Left whitespace:
#^^^^^^^^^^^^^^^^^ source.md meta.paragraph.md
>
>a *xb
#^^ source.md meta.paragraph.md
#  ^ source.md meta.paragraph.md string.other.emphasis.asterisk.md
#   ^^^ source.md meta.paragraph.md
>
>a * b
#^^^^^^ source.md meta.paragraph.md
>
>a *.b
#^^ source.md meta.paragraph.md
#  ^ source.md meta.paragraph.md string.other.emphasis.asterisk.md
#   ^^^ source.md meta.paragraph.md
>
>Left punc:
#^^^^^^^^^^^ source.md meta.paragraph.md
>
>a.*xb
#^^ source.md meta.paragraph.md
#  ^ source.md meta.paragraph.md string.other.emphasis.asterisk.md
#   ^^^ source.md meta.paragraph.md
>
>a.* b
#^^ source.md meta.paragraph.md
#  ^ source.md meta.paragraph.md string.other.emphasis.asterisk.md
#   ^^^ source.md meta.paragraph.md
>
>a.*.b
#^^ source.md meta.paragraph.md
#  ^ source.md meta.paragraph.md string.other.emphasis.asterisk.md
#   ^^^ source.md meta.paragraph.md
>