>Left letter:
#^^^^^^^^^^^^^ text.md meta.paragraph.md
>
>ax_xb
#^^^^^^ text.md meta.paragraph.md
>
>ax_ b
#^^ text.md meta.paragraph.md
#  ^ text.md meta.paragraph.md string.other.emphasis.underscore.md
#   ^^^ text.md meta.paragraph.md
>
>ax_.b
#^^ text.md meta.paragraph.md
#  ^ text.md meta.paragraph.md string.other.emphasis.underscore.md
#   ^^^ text.md meta.paragraph.md
>
>Left whitespace:
#^^^^^^^^^^^^^^^^^ text.md meta.paragraph.md
>
>a _xb
#^^ text.md meta.paragraph.md
#  ^ text.md meta.paragraph.md string.other.emphasis.underscore.md
#   ^^^ text.md meta.paragraph.md
>
>a _ b
#^^^^^^ text.md meta.paragraph.md
>
>a _.b
#^^ text.md meta.paragraph.md
#  ^ text.md meta.paragraph.md string.other.emphasis.underscore.md
#   ^^^ text.md meta.paragraph.md
>
>Left punc:
#^^^^^^^^^^^ text.md meta.paragraph.md
>
>a._xb
#^^ text.md meta.paragraph.md
#  ^ text.md meta.paragraph.md string.other.emphasis.underscore.md
#   ^^^ text.md meta.paragraph.md
>
>a._ b
#^^ text.md meta.paragraph.md
#  ^ text.md meta.paragraph.md string.other.emphasis.underscore.md
#   ^^^ text.md meta.paragraph.md
>
>a._.b
#^^ text.md meta.paragraph.md
#  ^ text.md meta.paragraph.md string.other.emphasis.underscore.md
#   ^^^ text.md meta.paragraph.md
>