>Left letter:
#^^^^^^^^^^^^^ text.md meta.paragraph.md
>
>ax~xb
#^^ text.md meta.paragraph.md
#  ^ text.md meta.paragraph.md string.other.strikethrough.md
#   ^^^ text.md meta.paragraph.md
>
>ax~ b
#^^ text.md meta.paragraph.md
#  ^ text.md meta.paragraph.md string.other.strikethrough.md
#   ^^^ text.md meta.paragraph.md
>
>ax~.b
#^^ text.md meta.paragraph.md
#  ^ text.md meta.paragraph.md string.other.strikethrough.md
#   ^^^ text.md meta.paragraph.md
>
>Left whitespace:
#^^^^^^^^^^^^^^^^^ text.md meta.paragraph.md
>
>a ~xb
#^^ text.md meta.paragraph.md
#  ^ text.md meta.paragraph.md string.other.strikethrough.md
#   ^^^ text.md meta.paragraph.md
>
>a ~ b
#^^^^^^ text.md meta.paragraph.md
>
>a ~.b
#^^ text.md meta.paragraph.md
#  ^ text.md meta.paragraph.md string.other.strikethrough.md
#   ^^^ text.md meta.paragraph.md
>
>Left punc:
#^^^^^^^^^^^ text.md meta.paragraph.md
>
>a.~xb
#^^ text.md meta.paragraph.md
#  ^ text.md meta.paragraph.md string.other.strikethrough.md
#   ^^^ text.md meta.paragraph.md
>
>a.~ b
#^^ text.md meta.paragraph.md
#  ^ text.md meta.paragraph.md string.other.strikethrough.md
#   ^^^ text.md meta.paragraph.md
>
>a.~.b
#^^ text.md meta.paragraph.md
#  ^ text.md meta.paragraph.md string.other.strikethrough.md
#   ^^^ text.md meta.paragraph.md
>