>a \- b.
#^^ text.md meta.paragraph.md
#  ^^ text.md meta.paragraph.md constant.language.character-escape.md
#    ^^^^ text.md meta.paragraph.md
>
>c \! d.
#^^ text.md meta.paragraph.md
#  ^^ text.md meta.paragraph.md constant.language.character-escape.md
#    ^^^^ text.md meta.paragraph.md
>
>e \\ f.
#^^ text.md meta.paragraph.md
#  ^^ text.md meta.paragraph.md constant.language.character-escape.md
#    ^^^^ text.md meta.paragraph.md
>
>g \a h.
#^^^^^^^^ text.md meta.paragraph.md
>
>i \\\ j.
#^^ text.md meta.paragraph.md
#  ^^ text.md meta.paragraph.md constant.language.character-escape.md
#    ^^^^^ text.md meta.paragraph.md
>
>k \ l.
#^^^^^^^ text.md meta.paragraph.md
>