>a &#123; b
#^^ text.md meta.paragraph.md
#  ^ text.md meta.paragraph.md constant.language.character-reference.numeric.decimal.html punctuation.definition.character-reference.begin.html
#   ^ text.md meta.paragraph.md constant.language.character-reference.numeric.decimal.html punctuation.definition.character-reference.numeric.html
#    ^^^ text.md meta.paragraph.md constant.language.character-reference.numeric.decimal.html constant.numeric.integer.decimal.html
#       ^ text.md meta.paragraph.md constant.language.character-reference.numeric.decimal.html punctuation.definition.character-reference.end.html
#        ^^^ text.md meta.paragraph.md
>
>c &#x12a3; d
#^^ text.md meta.paragraph.md
#  ^ text.md meta.paragraph.md constant.language.character-reference.numeric.hexadecimal.html punctuation.definition.character-reference.begin.html
#   ^ text.md meta.paragraph.md constant.language.character-reference.numeric.hexadecimal.html punctuation.definition.character-reference.numeric.html
#    ^ text.md meta.paragraph.md constant.language.character-reference.numeric.hexadecimal.html punctuation.definition.character-reference.numeric.hexadecimal.html
#     ^^^^ text.md meta.paragraph.md constant.language.character-reference.numeric.hexadecimal.html constant.numeric.integer.hexadecimal.html
#         ^ text.md meta.paragraph.md constant.language.character-reference.numeric.hexadecimal.html punctuation.definition.character-reference.end.html
#          ^^^ text.md meta.paragraph.md
>
>e &amp; f
#^^ text.md meta.paragraph.md
#  ^ text.md meta.paragraph.md constant.language.character-reference.named.html punctuation.definition.character-reference.begin.html
#   ^^^ text.md meta.paragraph.md constant.language.character-reference.named.html keyword.control.character-reference.html
#      ^ text.md meta.paragraph.md constant.language.character-reference.named.html punctuation.definition.character-reference.end.html
#       ^^^ text.md meta.paragraph.md
>
>g &xxx; h.
#^^^^^^^^^^^ text.md meta.paragraph.md
>