>a `b` c.
#^^ source.md meta.paragraph.md
#  ^ source.md meta.paragraph.md markup.code.other.md string.other.begin.code.md
#   ^ source.md meta.paragraph.md markup.code.other.md markup.raw.code.text.md
#    ^ source.md meta.paragraph.md markup.code.other.md string.other.end.code.md
#     ^^^^ source.md meta.paragraph.md
>
>More/less ```a``.
#^^^^^^^^^^^^^^^^^^ source.md meta.paragraph.md
>
>Less/more ``a```.
#^^^^^^^^^^^^^^^^^^ source.md meta.paragraph.md
>
>Less/More/Less ` `` `.
#^^^^^^^^^^^^^^^ source.md meta.paragraph.md
#               ^ source.md meta.paragraph.md markup.code.other.md string.other.begin.code.md
#                ^^^^ source.md meta.paragraph.md markup.code.other.md markup.raw.code.text.md
#                    ^ source.md meta.paragraph.md markup.code.other.md string.other.end.code.md
#                     ^^ source.md meta.paragraph.md
>
>More/Less/More `` ` ``.
#^^^^^^^^^^^^^^^ source.md meta.paragraph.md
#               ^^ source.md meta.paragraph.md markup.code.other.md string.other.begin.code.md
#                 ^^^ source.md meta.paragraph.md markup.code.other.md markup.raw.code.text.md
#                    ^^ source.md meta.paragraph.md markup.code.other.md string.other.end.code.md
#                      ^^ source.md meta.paragraph.md
>
>Stuff `a`a`.
#^^^^^^ source.md meta.paragraph.md
#      ^ source.md meta.paragraph.md markup.code.other.md string.other.begin.code.md
#       ^ source.md meta.paragraph.md markup.code.other.md markup.raw.code.text.md
#        ^ source.md meta.paragraph.md markup.code.other.md string.other.end.code.md
#         ^^^^ source.md meta.paragraph.md
>
>Stuff \`a`a`.
#^^^^^^ source.md meta.paragraph.md
#      ^^ source.md meta.paragraph.md constant.language.character-escape.md
#        ^ source.md meta.paragraph.md
#         ^ source.md meta.paragraph.md markup.code.other.md string.other.begin.code.md
#          ^ source.md meta.paragraph.md markup.code.other.md markup.raw.code.text.md
#           ^ source.md meta.paragraph.md markup.code.other.md string.other.end.code.md
#            ^^ source.md meta.paragraph.md
>
>Stuff \``a`a`.
#^^^^^^ source.md meta.paragraph.md
#      ^^ source.md meta.paragraph.md constant.language.character-escape.md
#        ^^ source.md meta.paragraph.md
#          ^ source.md meta.paragraph.md markup.code.other.md string.other.begin.code.md
#           ^ source.md meta.paragraph.md markup.code.other.md markup.raw.code.text.md
#            ^ source.md meta.paragraph.md markup.code.other.md string.other.end.code.md
#             ^^ source.md meta.paragraph.md
>
>a `b
#^^^^^ source.md meta.paragraph.md
>c` d.
#^^^^^^ source.md meta.paragraph.md
>