>---
#^^^ text.md string.other.begin.yaml
>yaml: 1
#^^^^^^^^ text.md meta.embedded.yaml
>---
#^^^ text.md string.other.end.yaml
>
># hi
#^ text.md markup.heading.atx.1.md punctuation.definition.heading.md
# ^ text.md markup.heading.atx.1.md
#  ^^ text.md markup.heading.atx.1.md entity.name.section.md
>