>+++
#^^^ text.md string.other.begin.toml
>name = "hi"
#^^^^^^^^^^^^ text.md meta.embedded.toml
>+++
#^^^ text.md string.other.end.toml
>
># hi
#^ text.md markup.heading.atx.1.md punctuation.definition.heading.md
# ^ text.md markup.heading.atx.1.md
#  ^^ text.md markup.heading.atx.1.md entity.name.section.md
>