>---
#^^^ source.md string.other.begin.yaml
>yaml: 1
#^^^^^^^^ source.md meta.embedded.yaml
>---
#^^^ source.md string.other.end.yaml
>
># hi
#^ source.md markup.heading.atx.1.md punctuation.definition.heading.md
# ^ source.md markup.heading.atx.1.md
#  ^^ source.md markup.heading.atx.1.md entity.name.section.md
>