>a $$b$$ c.
#^^ text.md meta.paragraph.md
#  ^^ text.md meta.paragraph.md string.other.begin.math.md
#    ^ text.md meta.paragraph.md markup.raw.math.md markup.inline.raw.math.md
#     ^^ text.md meta.paragraph.md string.other.end.math.md
#       ^^^^ text.md meta.paragraph.md
>
>More/less $$$a$$.
#^^^^^^^^^^^^^^^^^^ text.md meta.paragraph.md
>
>Less/more $$a$$$.
#^^^^^^^^^^^^^^^^^^ text.md meta.paragraph.md
>
>Less/More/Less $$ $$$ $$.
#^^^^^^^^^^^^^^^ text.md meta.paragraph.md
#               ^^ text.md meta.paragraph.md string.other.begin.math.md
#                 ^^^^^ text.md meta.paragraph.md markup.raw.math.md markup.inline.raw.math.md
#                      ^^ text.md meta.paragraph.md string.other.end.math.md
#                        ^^ text.md meta.paragraph.md
>
>More/Less/More $$ $ $$.
#^^^^^^^^^^^^^^^ text.md meta.paragraph.md
#               ^^ text.md meta.paragraph.md string.other.begin.math.md
#                 ^^^ text.md meta.paragraph.md markup.raw.math.md markup.inline.raw.math.md
#                    ^^ text.md meta.paragraph.md string.other.end.math.md
#                      ^^ text.md meta.paragraph.md
>
>Stuff $$a$$a$$.
#^^^^^^ text.md meta.paragraph.md
#      ^^ text.md meta.paragraph.md string.other.begin.math.md
#        ^ text.md meta.paragraph.md markup.raw.math.md markup.inline.raw.math.md
#         ^^ text.md meta.paragraph.md string.other.end.math.md
#           ^^^^^ text.md meta.paragraph.md
>
>Stuff \$$a$$a$$.
#^^^^^^ text.md meta.paragraph.md
#      ^^ text.md meta.paragraph.md constant.language.character-escape.md
#        ^^ text.md meta.paragraph.md
#          ^^ text.md meta.paragraph.md string.other.begin.math.md
#            ^ text.md meta.paragraph.md markup.raw.math.md markup.inline.raw.math.md
#             ^^ text.md meta.paragraph.md string.other.end.math.md
#               ^^ text.md meta.paragraph.md
>
>Stuff \$$$a$$$a$$$.
#^^^^^^ text.md meta.paragraph.md
#      ^^ text.md meta.paragraph.md constant.language.character-escape.md
#        ^^^ text.md meta.paragraph.md
#           ^^^ text.md meta.paragraph.md string.other.begin.math.md
#              ^ text.md meta.paragraph.md markup.raw.math.md markup.inline.raw.math.md
#               ^^^ text.md meta.paragraph.md string.other.end.math.md
#                  ^^ text.md meta.paragraph.md
>
>a $$b
#^^^^^^ text.md meta.paragraph.md
>c$$ d.
#^^^^^^^ text.md meta.paragraph.md
>